Requirement already satisfied: fastapi==0.115.0 in .\.venv313\Lib\site-packages (from -r requirements.txt (line 1)) (0.115.0)
Requirement already satisfied: uvicorn==0.30.6 in .\.venv313\Lib\site-packages (from uvicorn[standard]==0.30.6->-r requirements.txt (line 2)) (0.30.6)
Requirement already satisfied: sqlalchemy==2.0.35 in .\.venv313\Lib\site-packages (from -r requirements.txt (line 3)) (2.0.35)
Requirement already satisfied: pydantic==2.9.2 in .\.venv313\Lib\site-packages (from -r requirements.txt (line 4)) (2.9.2)
Requirement already satisfied: pydantic-settings==2.5.2 in .\.venv313\Lib\site-packages (from -r requirements.txt (line 5)) (2.5.2)
Requirement already satisfied: python-jose==3.3.0 in .\.venv313\Lib\site-packages (from python-jose[cryptography]==3.3.0->-r requirements.txt (line 6)) (3.3.0)
Requirement already satisfied: passlib==1.7.4 in .\.venv313\Lib\site-packages (from passlib[bcrypt]==1.7.4->-r requirements.txt (line 7)) (1.7.4)
Requirement already satisfied: bcrypt==4.0.1 in .\.venv313\Lib\site-packages (from -r requirements.txt (line 8)) (4.0.1)
Requirement already satisfied: python-multipart==0.0.12 in .\.venv313\Lib\site-packages (from -r requirements.txt (line 9)) (0.0.12)
Requirement already satisfied: email-validator==2.2.0 in .\.venv313\Lib\site-packages (from -r requirements.txt (line 10)) (2.2.0)
Requirement already satisfied: aiofiles==24.1.0 in .\.venv313\Lib\site-packages (from -r requirements.txt (line 11)) (24.1.0)
Requirement already satisfied: httpx==0.27.2 in .\.venv313\Lib\site-packages (from -r requirements.txt (line 12)) (0.27.2)
Requirement already satisfied: numpy in .\.venv313\Lib\site-packages (from -r requirements.txt (line 13)) (2.5.3)
Requirement already satisfied: Pillow==10.4.0 in .\.venv313\Lib\site-packages (from -r requirements.txt (line 14)) (10.4.0)
Requirement already satisfied: python-dateutil==2.9.0.post0 in .\.venv313\Lib\site-packages (from -r requirements.txt (line 15)) (2.9.0.post0)
Collecting onnxruntime==1.30.0 (from -r requirements.txt (line 22))
  Downloading onnxruntime-1.30.0-cp313-cp313-win_amd64.whl.metadata (5.9 kB)
Collecting xgboost==3.4.1 (from -r requirements.txt (line 23))
  Downloading xgboost-3.4.1-py3-none-win_amd64.whl.metadata (2.0 kB)
Collecting scikit-learn==1.9.1 (from -r requirements.txt (line 24))
  Downloading scikit_learn-1.9.1-cp313-cp313-win_amd64.whl.metadata (9.3 kB)
Collecting joblib==1.6.0 (from -r requirements.txt (line 25))
  Downloading joblib-1.6.0-py3-none-any.whl.metadata (6.5 kB)
Collecting pandas==3.0.5 (from -r requirements.txt (line 26))
  Using cached pandas-3.0.5-cp313-cp313-win_amd64.whl.metadata (19 kB)
Requirement already satisfied: starlette<0.39.0,>=0.37.2 in .\.venv313\Lib\site-packages (from fastapi==0.115.0->-r requirements.txt (line 1)) (0.38.6)
Requirement already satisfied: typing-extensions>=4.8.0 in .\.venv313\Lib\site-packages (from fastapi==0.115.0->-r requirements.txt (line 1)) (4.16.0)
Requirement already satisfied: annotated-types>=0.6.0 in .\.venv313\Lib\site-packages (from pydantic==2.9.2->-r requirements.txt (line 4)) (0.8.0)
Requirement already satisfied: pydantic-core==2.23.4 in .\.venv313\Lib\site-packages (from pydantic==2.9.2->-r requirements.txt (line 4)) (2.23.4)
Requirement already satisfied: click>=7.0 in .\.venv313\Lib\site-packages (from uvicorn==0.30.6->uvicorn[standard]==0.30.6->-r requirements.txt (line 2)) (8.5.0)
Requirement already satisfied: h11>=0.8 in .\.venv313\Lib\site-packages (from uvicorn==0.30.6->uvicorn[standard]==0.30.6->-r requirements.txt (line 2)) (0.16.0)
Requirement already satisfied: python-dotenv>=0.21.0 in .\.venv313\Lib\site-packages (from pydantic-settings==2.5.2->-r requirements.txt (line 5)) (1.2.3)
Requirement already satisfied: ecdsa!=0.15 in .\.venv313\Lib\site-packages (from python-jose==3.3.0->python-jose[cryptography]==3.3.0->-r requirements.txt (line 6)) (0.19.2)
Requirement already satisfied: rsa in .\.venv313\Lib\site-packages (from python-jose==3.3.0->python-jose[cryptography]==3.3.0->-r requirements.txt (line 6)) (4.9.1)
Requirement already satisfied: pyasn1 in .\.venv313\Lib\site-packages (from python-jose==3.3.0->python-jose[cryptography]==3.3.0->-r requirements.txt (line 6)) (0.6.4)
Requirement already satisfied: dnspython>=2.0.0 in .\.venv313\Lib\site-packages (from email-validator==2.2.0->-r requirements.txt (line 10)) (2.8.0)
Requirement already satisfied: idna>=2.0.0 in .\.venv313\Lib\site-packages (from email-validator==2.2.0->-r requirements.txt (line 10)) (3.19)
Requirement already satisfied: anyio in .\.venv313\Lib\site-packages (from httpx==0.27.2->-r requirements.txt (line 12)) (4.15.1)
Requirement already satisfied: certifi in .\.venv313\Lib\site-packages (from httpx==0.27.2->-r requirements.txt (line 12)) (2026.7.22)
Requirement already satisfied: httpcore==1.* in .\.venv313\Lib\site-packages (from httpx==0.27.2->-r requirements.txt (line 12)) (1.0.9)
Requirement already satisfied: sniffio in .\.venv313\Lib\site-packages (from httpx==0.27.2->-r requirements.txt (line 12)) (1.3.1)
Requirement already satisfied: six>=1.5 in .\.venv313\Lib\site-packages (from python-dateutil==2.9.0.post0->-r requirements.txt (line 15)) (1.17.0)
Collecting flatbuffers (from onnxruntime==1.30.0->-r requirements.txt (line 22))
  Downloading flatbuffers-25.12.19-py2.py3-none-any.whl.metadata (1.0 kB)
Collecting packaging (from onnxruntime==1.30.0->-r requirements.txt (line 22))
  Using cached packaging-26.3-py3-none-any.whl.metadata (3.5 kB)
Collecting protobuf>=4.25.8 (from onnxruntime==1.30.0->-r requirements.txt (line 22))
  Downloading protobuf-7.36.1-cp310-abi3-win_amd64.whl.metadata (595 bytes)
Collecting scipy (from xgboost==3.4.1->-r requirements.txt (line 23))
  Downloading scipy-1.18.1-cp313-cp313-win_amd64.whl.metadata (61 kB)
Collecting narwhals>=2.0.1 (from scikit-learn==1.9.1->-r requirements.txt (line 24))
  Downloading narwhals-2.26.0-py3-none-any.whl.metadata (15 kB)
Collecting threadpoolctl>=3.5.0 (from scikit-learn==1.9.1->-r requirements.txt (line 24))
  Using cached threadpoolctl-3.6.0-py3-none-any.whl.metadata (13 kB)
Collecting cloudpickle>=3.0 (from joblib==1.6.0->-r requirements.txt (line 25))
  Downloading cloudpickle-3.1.2-py3-none-any.whl.metadata (7.1 kB)
Collecting tzdata (from pandas==3.0.5->-r requirements.txt (line 26))
  Downloading tzdata-2026.4-py2.py3-none-any.whl.metadata (1.4 kB)
Requirement already satisfied: cryptography>=3.4.0 in .\.venv313\Lib\site-packages (from python-jose[cryptography]==3.3.0->-r requirements.txt (line 6)) (50.0.1)
Requirement already satisfied: colorama>=0.4 in .\.venv313\Lib\site-packages (from uvicorn[standard]==0.30.6->-r requirements.txt (line 2)) (0.4.6)
Requirement already satisfied: httptools>=0.5.0 in .\.venv313\Lib\site-packages (from uvicorn[standard]==0.30.6->-r requirements.txt (line 2)) (0.8.0)
Requirement already satisfied: pyyaml>=5.1 in .\.venv313\Lib\site-packages (from uvicorn[standard]==0.30.6->-r requirements.txt (line 2)) (6.0.3)
Requirement already satisfied: watchfiles>=0.13 in .\.venv313\Lib\site-packages (from uvicorn[standard]==0.30.6->-r requirements.txt (line 2)) (1.2.0)
Requirement already satisfied: websockets>=10.4 in .\.venv313\Lib\site-packages (from uvicorn[standard]==0.30.6->-r requirements.txt (line 2)) (17.1)
Requirement already satisfied: cffi>=2.0.0 in .\.venv313\Lib\site-packages (from cryptography>=3.4.0->python-jose[cryptography]==3.3.0->-r requirements.txt (line 6)) (2.1.1)
Requirement already satisfied: pycparser in .\.venv313\Lib\site-packages (from cffi>=2.0.0->cryptography>=3.4.0->python-jose[cryptography]==3.3.0->-r requirements.txt (line 6)) (3.0)
Downloading onnxruntime-1.30.0-cp313-cp313-win_amd64.whl (14.3 MB)
   ---------------------------------------- 14.3/14.3 MB 22.6 MB/s  0:00:00
Downloading xgboost-3.4.1-py3-none-win_amd64.whl (48.9 MB)
   ---------------------------------------- 48.9/48.9 MB 45.8 MB/s  0:00:01
Downloading scikit_learn-1.9.1-cp313-cp313-win_amd64.whl (8.2 MB)
   ---------------------------------------- 8.2/8.2 MB 45.0 MB/s  0:00:00
Downloading joblib-1.6.0-py3-none-any.whl (306 kB)
Using cached pandas-3.0.5-cp313-cp313-win_amd64.whl (9.8 MB)
Downloading cloudpickle-3.1.2-py3-none-any.whl (22 kB)
Downloading narwhals-2.26.0-py3-none-any.whl (474 kB)
Downloading protobuf-7.36.1-cp310-abi3-win_amd64.whl (456 kB)
Downloading scipy-1.18.1-cp313-cp313-win_amd64.whl (36.6 MB)
   ---------------------------------------- 36.6/36.6 MB 41.1 MB/s  0:00:00
Using cached threadpoolctl-3.6.0-py3-none-any.whl (18 kB)
Downloading flatbuffers-25.12.19-py2.py3-none-any.whl (26 kB)
Using cached packaging-26.3-py3-none-any.whl (129 kB)
Downloading tzdata-2026.4-py2.py3-none-any.whl (347 kB)
Installing collected packages: flatbuffers, tzdata, threadpoolctl, scipy, protobuf, packaging, narwhals, cloudpickle, xgboost, pandas, onnxruntime, joblib, scikit-learn

Successfully installed cloudpickle-3.1.2 flatbuffers-25.12.19 joblib-1.6.0 narwhals-2.26.0 onnxruntime-1.30.0 packaging-26.3 pandas-3.0.5 protobuf-7.36.1 scikit-learn-1.9.1 scipy-1.18.1 threadpoolctl-3.6.0 tzdata-2026.4 xgboost-3.4.1
PIP_EXIT=0
